---
source: crates/cli/tests/prompt.rs
expression: text
---
CRYSTALLINE KNOWLEDGE ROUTING

You are being onboarded to the knowledge accumulated in this workspace. It is served by the crystalline MCP server; these instructions govern its tools (your harness may prefix tool names, for example mcp__crystalline__search_engrams). The domains below are registered and ready to use; route searches and reads through them instead of starting from zero.

- gardening (preferred): (routing information unavailable: MANIFEST.md is missing or unreadable)
- astronomy: When asked about moons or planets; When comparing orbital periods

Behavior:
- Narrow question, one domain fits: search_engrams with domains=[that domain].
- Broad or unclear question: search_engrams with no domains sweeps them all.
- write_engram, edit_engram, move_engram and delete_engram always need an explicit domain.
- Pass write_engram a folder matching the domain's layout: a topic prefix build_context can glob, a subfolder once a topic clusters, the root for singletons.
- Check vocabulary for tags and categories in use before inventing one.
- Salience (0-10) lifts an engram in search: set it at write time on exceptionally valuable knowledge and raise it when one proves key to a task.
- build_context on a crystalline:// anchor gathers knowledge around a task.
- Read a MANIFEST with read_engram only when the domain's routing line is not enough; list_domains with include_routing=true re-fetches the index mid-session.
